******************************************************************************
                  TI ARM Linker PC v20.2.1                     
******************************************************************************
>> Linked Tue Dec 22 13:01:37 2020

OUTPUT FILE NAME:   <blink.out>
ENTRY POINT SYMBOL: "_c_int00_noargs"  address: 00002b41


MEMORY CONFIGURATION

         name            origin    length      used     unused   attr    fill
----------------------  --------  ---------  --------  --------  ----  --------
  FLASH                 00000000   00040000  0000314c  0003ceb4  R  X
  SRAM                  20000000   00008000  00000470  00007b90  RW X


SEGMENT ALLOCATION MAP

run origin  load origin   length   init length attrs members
----------  ----------- ---------- ----------- ----- -------
00000000    00000000    00003150   00003150    r-x
  00000000    00000000    0000026c   0000026c    r-- .intvecs
  0000026c    0000026c    00002b78   00002b78    r-x .text
  00002de8    00002de8    00000338   00000338    r-- .const
  00003120    00003120    00000030   00000030    r-- .cinit
20000000    20000000    00000470   00000000    rw-
  20000000    20000000    0000026c   00000000    rw- .vtable
  2000026c    2000026c    00000004   00000000    rw- .data
  20000270    20000270    00000200   00000000    rw- .stack


SECTION ALLOCATION MAP

 output                                  attributes/
section   page    origin      length       input sections
--------  ----  ----------  ----------   ----------------
.intvecs   0    00000000    0000026c     
                  00000000    0000026c     tm4c123gh6pm_startup_ccs.obj (.intvecs)

.text      0    0000026c    00002b78     
                  0000026c    000009c0     rtsv7M4_T_le_v4SPD16_eabi.lib : e_pow.c.obj (.text:pow)
                  00000c2c    0000055a     lcd.obj (.text)
                  00001186    00000002     --HOLE-- [fill = 0]
                  00001188    00000548     keypad.obj (.text)
                  000016d0    00000390     main.obj (.text)
                  00001a60    000001b6     rtsv7M4_T_le_v4SPD16_eabi.lib : fd_add_t2.asm.obj (.text)
                  00001c16    00000002     --HOLE-- [fill = 0]
                  00001c18    00000158                                   : e_sqrt.c.obj (.text:sqrt)
                  00001d70    0000014c     my_pwm.obj (.text)
                  00001ebc    00000136     rtsv7M4_T_le_v4SPD16_eabi.lib : fd_div_t2.asm.obj (.text)
                  00001ff2    00000132     driverlib.lib : gpio.obj (.text:GPIOPadConfigSet)
                  00002124    00000110                   : sysctl.obj (.text:SysCtlClockGet)
                  00002234    00000110     rtsv7M4_T_le_v4SPD16_eabi.lib : s_scalbn.c.obj (.text:scalbn)
                  00002344    000000fc                                   : fd_mul_t2.asm.obj (.text)
                  00002440    000000f4     driverlib.lib : sysctl.obj (.text:SysCtlClockSet)
                  00002534    000000d0     on_board_led.obj (.text)
                  00002604    0000009c     rtsv7M4_T_le_v4SPD16_eabi.lib : memcpy_t2.asm.obj (.text)
                  000026a0    00000086                                   : fd_cmp_t2.asm.obj (.text:__aeabi_cdcmple)
                  00002726    00000086                                   : fd_cmp_t2.asm.obj (.text:__aeabi_cdrcmple)
                  000027ac    00000080     usart.obj (.text)
                  0000282c    00000068     driverlib.lib : interrupt.obj (.text:IntEnable)
                  00002894    00000068     rtsv7M4_T_le_v4SPD16_eabi.lib : copy_decompress_lzss.c.obj (.text:decompress:lzss:__TI_decompress_lzss)
                  000028fc    00000048     driverlib.lib : gpio.obj (.text:GPIOPinConfigure)
                  00002944    00000048     rtsv7M4_T_le_v4SPD16_eabi.lib : fd_toi_t2.asm.obj (.text)
                  0000298c    00000046     driverlib.lib : uart.obj (.text:UARTConfigSetExpClk)
                  000029d2    00000002     --HOLE-- [fill = 0]
                  000029d4    00000044                   : gpio.obj (.text:_GPIOIntNumberGet)
                  00002a18    00000044     rtsv7M4_T_le_v4SPD16_eabi.lib : autoinit.c.obj (.text:__TI_auto_init_nobinit_nopinit:__TI_auto_init_nobinit_nopinit)
                  00002a5c    00000044                                   : fd_tou_t2.asm.obj (.text)
                  00002aa0    00000038                                   : fs_tod_t2.asm.obj (.text)
                  00002ad8    00000034     driverlib.lib : interrupt.obj (.text:IntRegister)
                  00002b0c    00000034                   : sysctl.obj (.text:SysCtlPeripheralEnable)
                  00002b40    00000034     rtsv7M4_T_le_v4SPD16_eabi.lib : boot_cortex_m.c.obj (.text:_c_int00_noargs:_c_int00_noargs)
                  00002b74    0000002e                                   : i_tofd_t2.asm.obj (.text)
                  00002ba2    0000002a     driverlib.lib : gpio.obj (.text:GPIODirModeSet)
                  00002bcc    00000022                   : pwm.obj (.text:PWMGenConfigure)
                  00002bee    00000002     --HOLE-- [fill = 0]
                  00002bf0    00000020                   : uart.obj (.text:UARTDisable)
                  00002c10    00000020     rtsv7M4_T_le_v4SPD16_eabi.lib : u_tofd_t2.asm.obj (.text)
                  00002c30    0000001e     driverlib.lib : pwm.obj (.text:PWMPulseWidthSet)
                  00002c4e    0000001c     rtsv7M4_T_le_v4SPD16_eabi.lib : copy_zero_init.c.obj (.text:decompress:ZI:__TI_zero_init_nomemset:__TI_zero_init_nomemset)
                  00002c6a    0000001a                                   : s_copysign.c.obj (.text:copysign)
                  00002c84    00000018     driverlib.lib : gpio.obj (.text:GPIOIntRegister)
                  00002c9c    00000018                   : gpio.obj (.text:GPIOPinTypeGPIOOutput)
                  00002cb4    00000014                   : sysctl.obj (.text:SysCtlPWMClockSet)
                  00002cc8    00000014                   : systick.obj (.text:SysTickEnable)
                  00002cdc    00000014                   : uart.obj (.text:UARTEnable)
                  00002cf0    00000014     rtsv7M4_T_le_v4SPD16_eabi.lib : strlen.c.obj (.text:strlen)
                  00002d04    00000012     driverlib.lib : gpio.obj (.text:GPIOPinTypePWM)
                  00002d16    00000012                   : gpio.obj (.text:GPIOPinTypeUART)
                  00002d28    00000012                   : pwm.obj (.text:PWMGenPeriodGet)
                  00002d3a    00000012                   : pwm.obj (.text:PWMOutputState)
                  00002d4c    00000010                   : fpu.obj (.text:FPUEnable)
                  00002d5c    00000010                   : interrupt.obj (.text:IntMasterEnable)
                  00002d6c    00000010                   : pwm.obj (.text:PWMGenPeriodSet)
                  00002d7c    0000000e                   : uart.obj (.text:UARTCharPutNonBlocking)
                  00002d8a    0000000e     rtsv7M4_T_le_v4SPD16_eabi.lib : copy_decompress_none.c.obj (.text:decompress:none:__TI_decompress_none)
                  00002d98    0000000c     driverlib.lib : cpu.obj (.text:CPUcpsie)
                  00002da4    0000000c                   : gpio.obj (.text:GPIOIntEnable)
                  00002db0    0000000c                   : pwm.obj (.text:PWMGenEnable)
                  00002dbc    0000000c     tm4c123gh6pm_startup_ccs.obj (.text)
                  00002dc8    00000008     rtsv7M4_T_le_v4SPD16_eabi.lib : errno.c.obj (.text:__aeabi_errno_addr)
                  00002dd0    00000006     driverlib.lib : gpio.obj (.text:GPIOPinWrite)
                  00002dd6    00000006                   : sysctl.obj (.text:SysCtlDelay)
                  00002ddc    00000004     rtsv7M4_T_le_v4SPD16_eabi.lib : pre_init.c.obj (.text:_system_pre_init)
                  00002de0    00000004                                   : exit.c.obj (.text:abort:abort)

.const     0    00002de8    00000338     
                  00002de8    000000d8     driverlib.lib : gpio.obj (.const:g_ppui32GPIOIntMapSnowflake)
                  00002ec0    000000c0                   : gpio.obj (.const:g_ppui32GPIOIntMapBlizzard)
                  00002f80    00000090                   : gpio.obj (.const:g_pui32GPIOBaseAddrs)
                  00003010    00000070                   : interrupt.obj (.const)
                  00003080    0000006c                   : sysctl.obj (.const:g_pui32Xtals)
                  000030ec    00000004     --HOLE-- [fill = 0]
                  000030f0    00000030     rtsv7M4_T_le_v4SPD16_eabi.lib : e_pow.c.obj (.const:$O1$$)

.cinit     0    00003120    00000030     
                  00003120    0000000c     (__TI_handler_table)
                  0000312c    00000004     --HOLE-- [fill = 0]
                  00003130    00000008     (.cinit..vtable.load) [load image, compression = zero_init]
                  00003138    00000007     (.cinit..data.load) [load image, compression = lzss]
                  0000313f    00000001     --HOLE-- [fill = 0]
                  00003140    00000010     (__TI_cinit_table)

.init_array 
*          0    00000000    00000000     UNINITIALIZED

.vtable    0    20000000    0000026c     UNINITIALIZED
                  20000000    0000026c     driverlib.lib : interrupt.obj (.vtable)

.data      0    2000026c    00000004     UNINITIALIZED
                  2000026c    00000004     rtsv7M4_T_le_v4SPD16_eabi.lib : errno.c.obj (.data)

.stack     0    20000270    00000200     UNINITIALIZED
                  20000270    00000004     rtsv7M4_T_le_v4SPD16_eabi.lib : boot_cortex_m.c.obj (.stack)
                  20000274    000001fc     --HOLE--

__llvm_prf_cnts 
*          0    20000000    00000000     UNINITIALIZED

MODULE SUMMARY

       Module                         code    ro data   rw data
       ------                         ----    -------   -------
    .\
       main.obj                       912     0         0      
       tm4c123gh6pm_startup_ccs.obj   12      620       0      
    +--+------------------------------+-------+---------+---------+
       Total:                         924     620       0      
                                                               
    .\peripheral\
       lcd.obj                        1370    0         0      
       keypad.obj                     1352    0         0      
       my_pwm.obj                     332     0         0      
       on_board_led.obj               208     0         0      
       usart.obj                      128     0         0      
    +--+------------------------------+-------+---------+---------+
       Total:                         3390    0         0      
                                                               
    C:/ti/tivaware_c_series_2_1_4_178/driverlib/ccs/Debug/driverlib.lib
       gpio.obj                       590     552       0      
       interrupt.obj                  172     112       620    
       sysctl.obj                     594     108       0      
       uart.obj                       136     0         0      
       pwm.obj                        128     0         0      
       systick.obj                    20      0         0      
       fpu.obj                        16      0         0      
       cpu.obj                        12      0         0      
    +--+------------------------------+-------+---------+---------+
       Total:                         1668    772       620    
                                                               
    C:\ti\ccs1011\ccs\tools\compiler\ti-cgt-arm_20.2.1.LTS\lib\rtsv7M4_T_le_v4SPD16_eabi.lib
       e_pow.c.obj                    2496    48        0      
       fd_add_t2.asm.obj              438     0         0      
       e_sqrt.c.obj                   344     0         0      
       fd_div_t2.asm.obj              310     0         0      
       s_scalbn.c.obj                 272     0         0      
       fd_cmp_t2.asm.obj              268     0         0      
       fd_mul_t2.asm.obj              252     0         0      
       memcpy_t2.asm.obj              156     0         0      
       copy_decompress_lzss.c.obj     104     0         0      
       fd_toi_t2.asm.obj              72      0         0      
       autoinit.c.obj                 68      0         0      
       fd_tou_t2.asm.obj              68      0         0      
       fs_tod_t2.asm.obj              56      0         0      
       boot_cortex_m.c.obj            52      0         0      
       i_tofd_t2.asm.obj              46      0         0      
       u_tofd_t2.asm.obj              32      0         0      
       copy_zero_init.c.obj           28      0         0      
       s_copysign.c.obj               26      0         0      
       strlen.c.obj                   20      0         0      
       copy_decompress_none.c.obj     14      0         0      
       errno.c.obj                    8       0         4      
       exit.c.obj                     4       0         0      
       pre_init.c.obj                 4       0         0      
    +--+------------------------------+-------+---------+---------+
       Total:                         5138    48        4      
                                                               
       Stack:                         0       0         512    
       Linker Generated:              0       43        0      
    +--+------------------------------+-------+---------+---------+
       Grand Total:                   11120   1483      1136   


LINKER GENERATED COPY TABLES

__TI_cinit_table @ 00003140 records: 2, size/record: 8, table size: 16
	.vtable: load addr=00003130, load size=00000008 bytes, run addr=20000000, run size=0000026c bytes, compression=zero_init
	.data: load addr=00003138, load size=00000007 bytes, run addr=2000026c, run size=00000004 bytes, compression=lzss


LINKER GENERATED HANDLER TABLE

__TI_handler_table @ 00003120 records: 3, size/record: 4, table size: 12
	index: 0, handler: __TI_zero_init
	index: 1, handler: __TI_decompress_lzss
	index: 2, handler: __TI_decompress_none


GLOBAL SYMBOLS: SORTED ALPHABETICALLY BY Name 

address   name                          
-------   ----                          
00001189  ButtonEInit                   
00002de1  C$$EXIT                       
00002d99  CPUcpsie                      
00002d4d  FPUEnable                     
00002ba3  GPIODirModeSet                
00002da5  GPIOIntEnable                 
00002c85  GPIOIntRegister               
00001ff3  GPIOPadConfigSet              
000028fd  GPIOPinConfigure              
00002c9d  GPIOPinTypeGPIOOutput         
00002d05  GPIOPinTypePWM                
00002d17  GPIOPinTypeUART               
00002dd1  GPIOPinWrite                  
0000282d  IntEnable                     
00002d5d  IntMasterEnable               
00002ad9  IntRegister                   
00000f5f  LCD_Clear                     
00000d2d  LCD_Command                   
00000ee5  LCD_Cursor                    
00000f29  LCD_Cursor_uint32             
000010a1  LCD_Print                     
00000f7d  LCD_PrintJustify              
00001105  LCD_PrintLn                   
0000114b  LCD_PrintLnCount              
00000dcf  LCD_Show                      
00000e5f  LCD_Show_uint32               
00000c2d  LCD_init                      
00002535  On_Board_LEDInit              
000025a7  On_Board_LEDWrite             
000012e5  PE_Int                        
00002bcd  PWMGenConfigure               
00002db1  PWMGenEnable                  
00002d29  PWMGenPeriodGet               
00002d6d  PWMGenPeriodSet               
00001d71  PWMInit                       
00002d3b  PWMOutputState                
00002c31  PWMPulseWidthSet              
00002dbd  ResetISR                      
00001de3  SetDuty                       
00002125  SysCtlClockGet                
00002441  SysCtlClockSet                
00002dd7  SysCtlDelay                   
00002cb5  SysCtlPWMClockSet             
00002b0d  SysCtlPeripheralEnable        
00002cc9  SysTickEnable                 
00001a25  SysTick_Wait                  
00002d7d  UARTCharPutNonBlocking        
0000298d  UARTConfigSetExpClk           
00002bf1  UARTDisable                   
00002cdd  UARTEnable                    
000027d5  USARTInit                     
000027ad  USARTSend                     
20000470  __STACK_END                   
00000200  __STACK_SIZE                  
20000470  __STACK_TOP                   
00003140  __TI_CINIT_Base               
00003150  __TI_CINIT_Limit              
00003120  __TI_Handler_Table_Base       
0000312c  __TI_Handler_Table_Limit      
00002a19  __TI_auto_init_nobinit_nopinit
00002895  __TI_decompress_lzss          
00002d8b  __TI_decompress_none          
ffffffff  __TI_pprof_out_hndl           
ffffffff  __TI_prof_data_size           
ffffffff  __TI_prof_data_start          
00000000  __TI_static_base__            
00002c4f  __TI_zero_init_nomemset       
000026a1  __aeabi_cdcmpeq               
000026a1  __aeabi_cdcmple               
00002727  __aeabi_cdrcmple              
00002945  __aeabi_d2iz                  
00002a5d  __aeabi_d2uiz                 
00001a6b  __aeabi_dadd                  
00001ebd  __aeabi_ddiv                  
00002345  __aeabi_dmul                  
00001a61  __aeabi_dsub                  
00002dc9  __aeabi_errno_addr            
00002aa1  __aeabi_f2d                   
00002b75  __aeabi_i2d                   
00002605  __aeabi_memcpy                
00002605  __aeabi_memcpy4               
00002605  __aeabi_memcpy8               
00002c11  __aeabi_ui2d                  
ffffffff  __binit__                     
ffffffff  __c_args__                    
UNDEFED   __mpu_init                    
20000270  __stack                       
20000000  __start___llvm_prf_cnts       
20000000  __stop___llvm_prf_cnts        
00002b41  _c_int00_noargs               
UNDEFED   _system_post_cinit            
00002ddd  _system_pre_init              
00002de1  abort                         
ffffffff  binit                         
00002c6b  copysign                      
00002c6b  copysignl                     
2000026c  errno                         
20000000  g_pfnRAMVectors               
00000000  g_pfnVectors                  
00002235  ldexp                         
00002235  ldexpl                        
000016d1  main                          
00002605  memcpy                        
0000026d  pow                           
0000026d  powl                          
00002235  scalbn                        
00002235  scalbnl                       
00001c19  sqrt                          
00001c19  sqrtl                         
00002cf1  strlen                        


GLOBAL SYMBOLS: SORTED BY Symbol Address 

address   name                          
-------   ----                          
00000000  __TI_static_base__            
00000000  g_pfnVectors                  
00000200  __STACK_SIZE                  
0000026d  pow                           
0000026d  powl                          
00000c2d  LCD_init                      
00000d2d  LCD_Command                   
00000dcf  LCD_Show                      
00000e5f  LCD_Show_uint32               
00000ee5  LCD_Cursor                    
00000f29  LCD_Cursor_uint32             
00000f5f  LCD_Clear                     
00000f7d  LCD_PrintJustify              
000010a1  LCD_Print                     
00001105  LCD_PrintLn                   
0000114b  LCD_PrintLnCount              
00001189  ButtonEInit                   
000012e5  PE_Int                        
000016d1  main                          
00001a25  SysTick_Wait                  
00001a61  __aeabi_dsub                  
00001a6b  __aeabi_dadd                  
00001c19  sqrt                          
00001c19  sqrtl                         
00001d71  PWMInit                       
00001de3  SetDuty                       
00001ebd  __aeabi_ddiv                  
00001ff3  GPIOPadConfigSet              
00002125  SysCtlClockGet                
00002235  ldexp                         
00002235  ldexpl                        
00002235  scalbn                        
00002235  scalbnl                       
00002345  __aeabi_dmul                  
00002441  SysCtlClockSet                
00002535  On_Board_LEDInit              
000025a7  On_Board_LEDWrite             
00002605  __aeabi_memcpy                
00002605  __aeabi_memcpy4               
00002605  __aeabi_memcpy8               
00002605  memcpy                        
000026a1  __aeabi_cdcmpeq               
000026a1  __aeabi_cdcmple               
00002727  __aeabi_cdrcmple              
000027ad  USARTSend                     
000027d5  USARTInit                     
0000282d  IntEnable                     
00002895  __TI_decompress_lzss          
000028fd  GPIOPinConfigure              
00002945  __aeabi_d2iz                  
0000298d  UARTConfigSetExpClk           
00002a19  __TI_auto_init_nobinit_nopinit
00002a5d  __aeabi_d2uiz                 
00002aa1  __aeabi_f2d                   
00002ad9  IntRegister                   
00002b0d  SysCtlPeripheralEnable        
00002b41  _c_int00_noargs               
00002b75  __aeabi_i2d                   
00002ba3  GPIODirModeSet                
00002bcd  PWMGenConfigure               
00002bf1  UARTDisable                   
00002c11  __aeabi_ui2d                  
00002c31  PWMPulseWidthSet              
00002c4f  __TI_zero_init_nomemset       
00002c6b  copysign                      
00002c6b  copysignl                     
00002c85  GPIOIntRegister               
00002c9d  GPIOPinTypeGPIOOutput         
00002cb5  SysCtlPWMClockSet             
00002cc9  SysTickEnable                 
00002cdd  UARTEnable                    
00002cf1  strlen                        
00002d05  GPIOPinTypePWM                
00002d17  GPIOPinTypeUART               
00002d29  PWMGenPeriodGet               
00002d3b  PWMOutputState                
00002d4d  FPUEnable                     
00002d5d  IntMasterEnable               
00002d6d  PWMGenPeriodSet               
00002d7d  UARTCharPutNonBlocking        
00002d8b  __TI_decompress_none          
00002d99  CPUcpsie                      
00002da5  GPIOIntEnable                 
00002db1  PWMGenEnable                  
00002dbd  ResetISR                      
00002dc9  __aeabi_errno_addr            
00002dd1  GPIOPinWrite                  
00002dd7  SysCtlDelay                   
00002ddd  _system_pre_init              
00002de1  C$$EXIT                       
00002de1  abort                         
00003120  __TI_Handler_Table_Base       
0000312c  __TI_Handler_Table_Limit      
00003140  __TI_CINIT_Base               
00003150  __TI_CINIT_Limit              
20000000  __start___llvm_prf_cnts       
20000000  __stop___llvm_prf_cnts        
20000000  g_pfnRAMVectors               
2000026c  errno                         
20000270  __stack                       
20000470  __STACK_END                   
20000470  __STACK_TOP                   
ffffffff  __TI_pprof_out_hndl           
ffffffff  __TI_prof_data_size           
ffffffff  __TI_prof_data_start          
ffffffff  __binit__                     
ffffffff  __c_args__                    
ffffffff  binit                         
UNDEFED   __mpu_init                    
UNDEFED   _system_post_cinit            

[110 symbols]
