******************************************************************************
                  TI ARM Linker PC v20.2.1                     
******************************************************************************
>> Linked Wed Dec 23 09:20:41 2020

OUTPUT FILE NAME:   <blink.out>
ENTRY POINT SYMBOL: "_c_int00_noargs"  address: 00002c85


MEMORY CONFIGURATION

         name            origin    length      used     unused   attr    fill
----------------------  --------  ---------  --------  --------  ----  --------
  FLASH                 00000000   00040000  00003290  0003cd70  R  X
  SRAM                  20000000   00008000  00000470  00007b90  RW X


SEGMENT ALLOCATION MAP

run origin  load origin   length   init length attrs members
----------  ----------- ---------- ----------- ----- -------
00000000    00000000    00003290   00003290    r-x
  00000000    00000000    0000026c   0000026c    r-- .intvecs
  0000026c    0000026c    00002cbc   00002cbc    r-x .text
  00002f28    00002f28    00000338   00000338    r-- .const
  00003260    00003260    00000030   00000030    r-- .cinit
20000000    20000000    00000470   00000000    rw-
  20000000    20000000    0000026c   00000000    rw- .vtable
  2000026c    2000026c    00000004   00000000    rw- .data
  20000270    20000270    00000200   00000000    rw- .stack


SECTION ALLOCATION MAP

 output                                  attributes/
section   page    origin      length       input sections
--------  ----  ----------  ----------   ----------------
.intvecs   0    00000000    0000026c     
                  00000000    0000026c     tm4c123gh6pm_startup_ccs.obj (.intvecs)

.text      0    0000026c    00002cbc     
                  0000026c    000009c0     rtsv7M4_T_le_v4SPD16_eabi.lib : e_pow.c.obj (.text:pow)
                  00000c2c    0000055a     lcd.obj (.text)
                  00001186    00000002     --HOLE-- [fill = 0]
                  00001188    00000548     keypad.obj (.text)
                  000016d0    0000040c     my_float.obj (.text)
                  00001adc    000001b6     rtsv7M4_T_le_v4SPD16_eabi.lib : fd_add_t2.asm.obj (.text)
                  00001c92    00000002     --HOLE-- [fill = 0]
                  00001c94    00000158                                   : e_sqrt.c.obj (.text:sqrt)
                  00001dec    0000014c     my_pwm.obj (.text)
                  00001f38    00000136     rtsv7M4_T_le_v4SPD16_eabi.lib : fd_div_t2.asm.obj (.text)
                  0000206e    00000132     driverlib.lib : gpio.obj (.text:GPIOPadConfigSet)
                  000021a0    00000110                   : sysctl.obj (.text:SysCtlClockGet)
                  000022b0    00000110     rtsv7M4_T_le_v4SPD16_eabi.lib : s_scalbn.c.obj (.text:scalbn)
                  000023c0    000000fc                                   : fd_mul_t2.asm.obj (.text)
                  000024bc    000000f4     driverlib.lib : sysctl.obj (.text:SysCtlClockSet)
                  000025b0    000000d0     on_board_led.obj (.text)
                  00002680    000000c8     main.obj (.text)
                  00002748    0000009c     rtsv7M4_T_le_v4SPD16_eabi.lib : memcpy_t2.asm.obj (.text)
                  000027e4    00000086                                   : fd_cmp_t2.asm.obj (.text:__aeabi_cdcmple)
                  0000286a    00000086                                   : fd_cmp_t2.asm.obj (.text:__aeabi_cdrcmple)
                  000028f0    00000080     usart.obj (.text)
                  00002970    00000068     driverlib.lib : interrupt.obj (.text:IntEnable)
                  000029d8    00000068     rtsv7M4_T_le_v4SPD16_eabi.lib : copy_decompress_lzss.c.obj (.text:decompress:lzss:__TI_decompress_lzss)
                  00002a40    00000048     driverlib.lib : gpio.obj (.text:GPIOPinConfigure)
                  00002a88    00000048     rtsv7M4_T_le_v4SPD16_eabi.lib : fd_toi_t2.asm.obj (.text)
                  00002ad0    00000046     driverlib.lib : uart.obj (.text:UARTConfigSetExpClk)
                  00002b16    00000002     --HOLE-- [fill = 0]
                  00002b18    00000044                   : gpio.obj (.text:_GPIOIntNumberGet)
                  00002b5c    00000044     rtsv7M4_T_le_v4SPD16_eabi.lib : autoinit.c.obj (.text:__TI_auto_init_nobinit_nopinit:__TI_auto_init_nobinit_nopinit)
                  00002ba0    00000044                                   : fd_tou_t2.asm.obj (.text)
                  00002be4    00000038                                   : fs_tod_t2.asm.obj (.text)
                  00002c1c    00000034     driverlib.lib : interrupt.obj (.text:IntRegister)
                  00002c50    00000034                   : sysctl.obj (.text:SysCtlPeripheralEnable)
                  00002c84    00000034     rtsv7M4_T_le_v4SPD16_eabi.lib : boot_cortex_m.c.obj (.text:_c_int00_noargs:_c_int00_noargs)
                  00002cb8    0000002e                                   : i_tofd_t2.asm.obj (.text)
                  00002ce6    0000002a     driverlib.lib : gpio.obj (.text:GPIODirModeSet)
                  00002d10    00000022                   : pwm.obj (.text:PWMGenConfigure)
                  00002d32    00000002     --HOLE-- [fill = 0]
                  00002d34    00000020                   : uart.obj (.text:UARTDisable)
                  00002d54    00000020     rtsv7M4_T_le_v4SPD16_eabi.lib : u_tofd_t2.asm.obj (.text)
                  00002d74    0000001e     driverlib.lib : pwm.obj (.text:PWMPulseWidthSet)
                  00002d92    0000001c     rtsv7M4_T_le_v4SPD16_eabi.lib : copy_zero_init.c.obj (.text:decompress:ZI:__TI_zero_init_nomemset:__TI_zero_init_nomemset)
                  00002dae    0000001a                                   : s_copysign.c.obj (.text:copysign)
                  00002dc8    00000018     driverlib.lib : gpio.obj (.text:GPIOIntRegister)
                  00002de0    00000018                   : gpio.obj (.text:GPIOPinTypeGPIOOutput)
                  00002df8    00000014                   : sysctl.obj (.text:SysCtlPWMClockSet)
                  00002e0c    00000014                   : systick.obj (.text:SysTickEnable)
                  00002e20    00000014                   : uart.obj (.text:UARTEnable)
                  00002e34    00000014     rtsv7M4_T_le_v4SPD16_eabi.lib : strlen.c.obj (.text:strlen)
                  00002e48    00000012     driverlib.lib : gpio.obj (.text:GPIOPinTypePWM)
                  00002e5a    00000012                   : gpio.obj (.text:GPIOPinTypeUART)
                  00002e6c    00000012                   : pwm.obj (.text:PWMGenPeriodGet)
                  00002e7e    00000012                   : pwm.obj (.text:PWMOutputState)
                  00002e90    00000010                   : fpu.obj (.text:FPUEnable)
                  00002ea0    00000010                   : interrupt.obj (.text:IntMasterEnable)
                  00002eb0    00000010                   : pwm.obj (.text:PWMGenPeriodSet)
                  00002ec0    0000000e                   : uart.obj (.text:UARTCharPutNonBlocking)
                  00002ece    0000000e     rtsv7M4_T_le_v4SPD16_eabi.lib : copy_decompress_none.c.obj (.text:decompress:none:__TI_decompress_none)
                  00002edc    0000000c     driverlib.lib : cpu.obj (.text:CPUcpsie)
                  00002ee8    0000000c                   : gpio.obj (.text:GPIOIntEnable)
                  00002ef4    0000000c                   : pwm.obj (.text:PWMGenEnable)
                  00002f00    0000000c     tm4c123gh6pm_startup_ccs.obj (.text)
                  00002f0c    00000008     rtsv7M4_T_le_v4SPD16_eabi.lib : errno.c.obj (.text:__aeabi_errno_addr)
                  00002f14    00000006     driverlib.lib : gpio.obj (.text:GPIOPinWrite)
                  00002f1a    00000006                   : sysctl.obj (.text:SysCtlDelay)
                  00002f20    00000004     rtsv7M4_T_le_v4SPD16_eabi.lib : pre_init.c.obj (.text:_system_pre_init)
                  00002f24    00000004                                   : exit.c.obj (.text:abort:abort)

.const     0    00002f28    00000338     
                  00002f28    000000d8     driverlib.lib : gpio.obj (.const:g_ppui32GPIOIntMapSnowflake)
                  00003000    000000c0                   : gpio.obj (.const:g_ppui32GPIOIntMapBlizzard)
                  000030c0    00000090                   : gpio.obj (.const:g_pui32GPIOBaseAddrs)
                  00003150    00000070                   : interrupt.obj (.const)
                  000031c0    0000006c                   : sysctl.obj (.const:g_pui32Xtals)
                  0000322c    00000004     --HOLE-- [fill = 0]
                  00003230    00000030     rtsv7M4_T_le_v4SPD16_eabi.lib : e_pow.c.obj (.const:$O1$$)

.cinit     0    00003260    00000030     
                  00003260    0000000c     (__TI_handler_table)
                  0000326c    00000004     --HOLE-- [fill = 0]
                  00003270    00000008     (.cinit..vtable.load) [load image, compression = zero_init]
                  00003278    00000007     (.cinit..data.load) [load image, compression = lzss]
                  0000327f    00000001     --HOLE-- [fill = 0]
                  00003280    00000010     (__TI_cinit_table)

.init_array 
*          0    00000000    00000000     UNINITIALIZED

.vtable    0    20000000    0000026c     UNINITIALIZED
                  20000000    0000026c     driverlib.lib : interrupt.obj (.vtable)

.data      0    2000026c    00000004     UNINITIALIZED
                  2000026c    00000004     rtsv7M4_T_le_v4SPD16_eabi.lib : errno.c.obj (.data)

.stack     0    20000270    00000200     UNINITIALIZED
                  20000270    00000004     rtsv7M4_T_le_v4SPD16_eabi.lib : boot_cortex_m.c.obj (.stack)
                  20000274    000001fc     --HOLE--

__llvm_prf_cnts 
*          0    20000000    00000000     UNINITIALIZED

MODULE SUMMARY

       Module                         code    ro data   rw data
       ------                         ----    -------   -------
    .\
       tm4c123gh6pm_startup_ccs.obj   12      620       0      
       main.obj                       200     0         0      
    +--+------------------------------+-------+---------+---------+
       Total:                         212     620       0      
                                                               
    .\peripheral\
       lcd.obj                        1370    0         0      
       keypad.obj                     1352    0         0      
       my_float.obj                   1036    0         0      
       my_pwm.obj                     332     0         0      
       on_board_led.obj               208     0         0      
       usart.obj                      128     0         0      
    +--+------------------------------+-------+---------+---------+
       Total:                         4426    0         0      
                                                               
    C:/ti/tivaware_c_series_2_1_4_178/driverlib/ccs/Debug/driverlib.lib
       gpio.obj                       590     552       0      
       interrupt.obj                  172     112       620    
       sysctl.obj                     594     108       0      
       uart.obj                       136     0         0      
       pwm.obj                        128     0         0      
       systick.obj                    20      0         0      
       fpu.obj                        16      0         0      
       cpu.obj                        12      0         0      
    +--+------------------------------+-------+---------+---------+
       Total:                         1668    772       620    
                                                               
    C:\ti\ccs1011\ccs\tools\compiler\ti-cgt-arm_20.2.1.LTS\lib\rtsv7M4_T_le_v4SPD16_eabi.lib
       e_pow.c.obj                    2496    48        0      
       fd_add_t2.asm.obj              438     0         0      
       e_sqrt.c.obj                   344     0         0      
       fd_div_t2.asm.obj              310     0         0      
       s_scalbn.c.obj                 272     0         0      
       fd_cmp_t2.asm.obj              268     0         0      
       fd_mul_t2.asm.obj              252     0         0      
       memcpy_t2.asm.obj              156     0         0      
       copy_decompress_lzss.c.obj     104     0         0      
       fd_toi_t2.asm.obj              72      0         0      
       autoinit.c.obj                 68      0         0      
       fd_tou_t2.asm.obj              68      0         0      
       fs_tod_t2.asm.obj              56      0         0      
       boot_cortex_m.c.obj            52      0         0      
       i_tofd_t2.asm.obj              46      0         0      
       u_tofd_t2.asm.obj              32      0         0      
       copy_zero_init.c.obj           28      0         0      
       s_copysign.c.obj               26      0         0      
       strlen.c.obj                   20      0         0      
       copy_decompress_none.c.obj     14      0         0      
       errno.c.obj                    8       0         4      
       exit.c.obj                     4       0         0      
       pre_init.c.obj                 4       0         0      
    +--+------------------------------+-------+---------+---------+
       Total:                         5138    48        4      
                                                               
       Stack:                         0       0         512    
       Linker Generated:              0       43        0      
    +--+------------------------------+-------+---------+---------+
       Grand Total:                   11444   1483      1136   


LINKER GENERATED COPY TABLES

__TI_cinit_table @ 00003280 records: 2, size/record: 8, table size: 16
	.vtable: load addr=00003270, load size=00000008 bytes, run addr=20000000, run size=0000026c bytes, compression=zero_init
	.data: load addr=00003278, load size=00000007 bytes, run addr=2000026c, run size=00000004 bytes, compression=lzss


LINKER GENERATED HANDLER TABLE

__TI_handler_table @ 00003260 records: 3, size/record: 4, table size: 12
	index: 0, handler: __TI_zero_init
	index: 1, handler: __TI_decompress_lzss
	index: 2, handler: __TI_decompress_none


GLOBAL SYMBOLS: SORTED ALPHABETICALLY BY Name 

address   name                          
-------   ----                          
00001189  ButtonEInit                   
00002f25  C$$EXIT                       
00002edd  CPUcpsie                      
00002e91  FPUEnable                     
00002ce7  GPIODirModeSet                
00002ee9  GPIOIntEnable                 
00002dc9  GPIOIntRegister               
0000206f  GPIOPadConfigSet              
00002a41  GPIOPinConfigure              
00002de1  GPIOPinTypeGPIOOutput         
00002e49  GPIOPinTypePWM                
00002e5b  GPIOPinTypeUART               
00002f15  GPIOPinWrite                  
00001781  INTLength                     
00002971  IntEnable                     
00002ea1  IntMasterEnable               
00002c1d  IntRegister                   
00000f5f  LCD_Clear                     
00000d2d  LCD_Command                   
00000ee5  LCD_Cursor                    
00000f29  LCD_Cursor_uint32             
000010a1  LCD_Print                     
00000f7d  LCD_PrintJustify              
00001105  LCD_PrintLn                   
0000114b  LCD_PrintLnCount              
00000dcf  LCD_Show                      
00000e5f  LCD_Show_uint32               
00000c2d  LCD_init                      
000025b1  On_Board_LEDInit              
00002623  On_Board_LEDWrite             
000012e5  PE_Int                        
00002d11  PWMGenConfigure               
00002ef5  PWMGenEnable                  
00002e6d  PWMGenPeriodGet               
00002eb1  PWMGenPeriodSet               
00001ded  PWMInit                       
00002e7f  PWMOutputState                
00002d75  PWMPulseWidthSet              
00002f01  ResetISR                      
00001e5f  SetDuty                       
000021a1  SysCtlClockGet                
000024bd  SysCtlClockSet                
00002f1b  SysCtlDelay                   
00002df9  SysCtlPWMClockSet             
00002c51  SysCtlPeripheralEnable        
00002e0d  SysTickEnable                 
000026fd  SysTick_Wait                  
00002ec1  UARTCharPutNonBlocking        
00002ad1  UARTConfigSetExpClk           
00002d35  UARTDisable                   
00002e21  UARTEnable                    
00002919  USARTInit                     
000028f1  USARTSend                     
20000470  __STACK_END                   
00000200  __STACK_SIZE                  
20000470  __STACK_TOP                   
00003280  __TI_CINIT_Base               
00003290  __TI_CINIT_Limit              
00003260  __TI_Handler_Table_Base       
0000326c  __TI_Handler_Table_Limit      
00002b5d  __TI_auto_init_nobinit_nopinit
000029d9  __TI_decompress_lzss          
00002ecf  __TI_decompress_none          
ffffffff  __TI_pprof_out_hndl           
ffffffff  __TI_prof_data_size           
ffffffff  __TI_prof_data_start          
00000000  __TI_static_base__            
00002d93  __TI_zero_init_nomemset       
000027e5  __aeabi_cdcmpeq               
000027e5  __aeabi_cdcmple               
0000286b  __aeabi_cdrcmple              
00002a89  __aeabi_d2iz                  
00002ba1  __aeabi_d2uiz                 
00001ae7  __aeabi_dadd                  
00001f39  __aeabi_ddiv                  
000023c1  __aeabi_dmul                  
00001add  __aeabi_dsub                  
00002f0d  __aeabi_errno_addr            
00002be5  __aeabi_f2d                   
00002cb9  __aeabi_i2d                   
00002749  __aeabi_memcpy                
00002749  __aeabi_memcpy4               
00002749  __aeabi_memcpy8               
00002d55  __aeabi_ui2d                  
ffffffff  __binit__                     
ffffffff  __c_args__                    
UNDEFED   __mpu_init                    
20000270  __stack                       
20000000  __start___llvm_prf_cnts       
20000000  __stop___llvm_prf_cnts        
00002c85  _c_int00_noargs               
UNDEFED   _system_post_cinit            
00002f21  _system_pre_init              
00002f25  abort                         
ffffffff  binit                         
00002daf  copysign                      
00002daf  copysignl                     
2000026c  errno                         
000017b5  float2char                    
000016f7  float_EFF                     
000016e3  float_EXP                     
0000170b  float_Integer                 
000016d1  float_PN                      
20000000  g_pfnRAMVectors               
00000000  g_pfnVectors                  
000022b1  ldexp                         
000022b1  ldexpl                        
00002681  main                          
00002749  memcpy                        
0000026d  pow                           
0000026d  powl                          
000022b1  scalbn                        
000022b1  scalbnl                       
00001c95  sqrt                          
00001c95  sqrtl                         
00002e35  strlen                        


GLOBAL SYMBOLS: SORTED BY Symbol Address 

address   name                          
-------   ----                          
00000000  __TI_static_base__            
00000000  g_pfnVectors                  
00000200  __STACK_SIZE                  
0000026d  pow                           
0000026d  powl                          
00000c2d  LCD_init                      
00000d2d  LCD_Command                   
00000dcf  LCD_Show                      
00000e5f  LCD_Show_uint32               
00000ee5  LCD_Cursor                    
00000f29  LCD_Cursor_uint32             
00000f5f  LCD_Clear                     
00000f7d  LCD_PrintJustify              
000010a1  LCD_Print                     
00001105  LCD_PrintLn                   
0000114b  LCD_PrintLnCount              
00001189  ButtonEInit                   
000012e5  PE_Int                        
000016d1  float_PN                      
000016e3  float_EXP                     
000016f7  float_EFF                     
0000170b  float_Integer                 
00001781  INTLength                     
000017b5  float2char                    
00001add  __aeabi_dsub                  
00001ae7  __aeabi_dadd                  
00001c95  sqrt                          
00001c95  sqrtl                         
00001ded  PWMInit                       
00001e5f  SetDuty                       
00001f39  __aeabi_ddiv                  
0000206f  GPIOPadConfigSet              
000021a1  SysCtlClockGet                
000022b1  ldexp                         
000022b1  ldexpl                        
000022b1  scalbn                        
000022b1  scalbnl                       
000023c1  __aeabi_dmul                  
000024bd  SysCtlClockSet                
000025b1  On_Board_LEDInit              
00002623  On_Board_LEDWrite             
00002681  main                          
000026fd  SysTick_Wait                  
00002749  __aeabi_memcpy                
00002749  __aeabi_memcpy4               
00002749  __aeabi_memcpy8               
00002749  memcpy                        
000027e5  __aeabi_cdcmpeq               
000027e5  __aeabi_cdcmple               
0000286b  __aeabi_cdrcmple              
000028f1  USARTSend                     
00002919  USARTInit                     
00002971  IntEnable                     
000029d9  __TI_decompress_lzss          
00002a41  GPIOPinConfigure              
00002a89  __aeabi_d2iz                  
00002ad1  UARTConfigSetExpClk           
00002b5d  __TI_auto_init_nobinit_nopinit
00002ba1  __aeabi_d2uiz                 
00002be5  __aeabi_f2d                   
00002c1d  IntRegister                   
00002c51  SysCtlPeripheralEnable        
00002c85  _c_int00_noargs               
00002cb9  __aeabi_i2d                   
00002ce7  GPIODirModeSet                
00002d11  PWMGenConfigure               
00002d35  UARTDisable                   
00002d55  __aeabi_ui2d                  
00002d75  PWMPulseWidthSet              
00002d93  __TI_zero_init_nomemset       
00002daf  copysign                      
00002daf  copysignl                     
00002dc9  GPIOIntRegister               
00002de1  GPIOPinTypeGPIOOutput         
00002df9  SysCtlPWMClockSet             
00002e0d  SysTickEnable                 
00002e21  UARTEnable                    
00002e35  strlen                        
00002e49  GPIOPinTypePWM                
00002e5b  GPIOPinTypeUART               
00002e6d  PWMGenPeriodGet               
00002e7f  PWMOutputState                
00002e91  FPUEnable                     
00002ea1  IntMasterEnable               
00002eb1  PWMGenPeriodSet               
00002ec1  UARTCharPutNonBlocking        
00002ecf  __TI_decompress_none          
00002edd  CPUcpsie                      
00002ee9  GPIOIntEnable                 
00002ef5  PWMGenEnable                  
00002f01  ResetISR                      
00002f0d  __aeabi_errno_addr            
00002f15  GPIOPinWrite                  
00002f1b  SysCtlDelay                   
00002f21  _system_pre_init              
00002f25  C$$EXIT                       
00002f25  abort                         
00003260  __TI_Handler_Table_Base       
0000326c  __TI_Handler_Table_Limit      
00003280  __TI_CINIT_Base               
00003290  __TI_CINIT_Limit              
20000000  __start___llvm_prf_cnts       
20000000  __stop___llvm_prf_cnts        
20000000  g_pfnRAMVectors               
2000026c  errno                         
20000270  __stack                       
20000470  __STACK_END                   
20000470  __STACK_TOP                   
ffffffff  __TI_pprof_out_hndl           
ffffffff  __TI_prof_data_size           
ffffffff  __TI_prof_data_start          
ffffffff  __binit__                     
ffffffff  __c_args__                    
ffffffff  binit                         
UNDEFED   __mpu_init                    
UNDEFED   _system_post_cinit            

[116 symbols]
