******************************************************************************
                  TI ARM Linker PC v20.2.1                     
******************************************************************************
>> Linked Tue Dec 22 21:18:01 2020

OUTPUT FILE NAME:   <blink.out>
ENTRY POINT SYMBOL: "_c_int00_noargs"  address: 00002b91


MEMORY CONFIGURATION

         name            origin    length      used     unused   attr    fill
----------------------  --------  ---------  --------  --------  ----  --------
  FLASH                 00000000   00040000  0000319c  0003ce64  R  X
  SRAM                  20000000   00008000  00000470  00007b90  RW X


SEGMENT ALLOCATION MAP

run origin  load origin   length   init length attrs members
----------  ----------- ---------- ----------- ----- -------
00000000    00000000    000031a0   000031a0    r-x
  00000000    00000000    0000026c   0000026c    r-- .intvecs
  0000026c    0000026c    00002bc8   00002bc8    r-x .text
  00002e38    00002e38    00000338   00000338    r-- .const
  00003170    00003170    00000030   00000030    r-- .cinit
20000000    20000000    00000470   00000000    rw-
  20000000    20000000    0000026c   00000000    rw- .vtable
  2000026c    2000026c    00000004   00000000    rw- .data
  20000270    20000270    00000200   00000000    rw- .stack


SECTION ALLOCATION MAP

 output                                  attributes/
section   page    origin      length       input sections
--------  ----  ----------  ----------   ----------------
.intvecs   0    00000000    0000026c     
                  00000000    0000026c     tm4c123gh6pm_startup_ccs.obj (.intvecs)

.text      0    0000026c    00002bc8     
                  0000026c    000009c0     rtsv7M4_T_le_v4SPD16_eabi.lib : e_pow.c.obj (.text:pow)
                  00000c2c    0000055a     lcd.obj (.text)
                  00001186    00000002     --HOLE-- [fill = 0]
                  00001188    00000548     keypad.obj (.text)
                  000016d0    000003e0     main.obj (.text)
                  00001ab0    000001b6     rtsv7M4_T_le_v4SPD16_eabi.lib : fd_add_t2.asm.obj (.text)
                  00001c66    00000002     --HOLE-- [fill = 0]
                  00001c68    00000158                                   : e_sqrt.c.obj (.text:sqrt)
                  00001dc0    0000014c     my_pwm.obj (.text)
                  00001f0c    00000136     rtsv7M4_T_le_v4SPD16_eabi.lib : fd_div_t2.asm.obj (.text)
                  00002042    00000132     driverlib.lib : gpio.obj (.text:GPIOPadConfigSet)
                  00002174    00000110                   : sysctl.obj (.text:SysCtlClockGet)
                  00002284    00000110     rtsv7M4_T_le_v4SPD16_eabi.lib : s_scalbn.c.obj (.text:scalbn)
                  00002394    000000fc                                   : fd_mul_t2.asm.obj (.text)
                  00002490    000000f4     driverlib.lib : sysctl.obj (.text:SysCtlClockSet)
                  00002584    000000d0     on_board_led.obj (.text)
                  00002654    0000009c     rtsv7M4_T_le_v4SPD16_eabi.lib : memcpy_t2.asm.obj (.text)
                  000026f0    00000086                                   : fd_cmp_t2.asm.obj (.text:__aeabi_cdcmple)
                  00002776    00000086                                   : fd_cmp_t2.asm.obj (.text:__aeabi_cdrcmple)
                  000027fc    00000080     usart.obj (.text)
                  0000287c    00000068     driverlib.lib : interrupt.obj (.text:IntEnable)
                  000028e4    00000068     rtsv7M4_T_le_v4SPD16_eabi.lib : copy_decompress_lzss.c.obj (.text:decompress:lzss:__TI_decompress_lzss)
                  0000294c    00000048     driverlib.lib : gpio.obj (.text:GPIOPinConfigure)
                  00002994    00000048     rtsv7M4_T_le_v4SPD16_eabi.lib : fd_toi_t2.asm.obj (.text)
                  000029dc    00000046     driverlib.lib : uart.obj (.text:UARTConfigSetExpClk)
                  00002a22    00000002     --HOLE-- [fill = 0]
                  00002a24    00000044                   : gpio.obj (.text:_GPIOIntNumberGet)
                  00002a68    00000044     rtsv7M4_T_le_v4SPD16_eabi.lib : autoinit.c.obj (.text:__TI_auto_init_nobinit_nopinit:__TI_auto_init_nobinit_nopinit)
                  00002aac    00000044                                   : fd_tou_t2.asm.obj (.text)
                  00002af0    00000038                                   : fs_tod_t2.asm.obj (.text)
                  00002b28    00000034     driverlib.lib : interrupt.obj (.text:IntRegister)
                  00002b5c    00000034                   : sysctl.obj (.text:SysCtlPeripheralEnable)
                  00002b90    00000034     rtsv7M4_T_le_v4SPD16_eabi.lib : boot_cortex_m.c.obj (.text:_c_int00_noargs:_c_int00_noargs)
                  00002bc4    0000002e                                   : i_tofd_t2.asm.obj (.text)
                  00002bf2    0000002a     driverlib.lib : gpio.obj (.text:GPIODirModeSet)
                  00002c1c    00000022                   : pwm.obj (.text:PWMGenConfigure)
                  00002c3e    00000002     --HOLE-- [fill = 0]
                  00002c40    00000020                   : uart.obj (.text:UARTDisable)
                  00002c60    00000020     rtsv7M4_T_le_v4SPD16_eabi.lib : u_tofd_t2.asm.obj (.text)
                  00002c80    0000001e     driverlib.lib : pwm.obj (.text:PWMPulseWidthSet)
                  00002c9e    0000001c     rtsv7M4_T_le_v4SPD16_eabi.lib : copy_zero_init.c.obj (.text:decompress:ZI:__TI_zero_init_nomemset:__TI_zero_init_nomemset)
                  00002cba    0000001a                                   : s_copysign.c.obj (.text:copysign)
                  00002cd4    00000018     driverlib.lib : gpio.obj (.text:GPIOIntRegister)
                  00002cec    00000018                   : gpio.obj (.text:GPIOPinTypeGPIOOutput)
                  00002d04    00000014                   : sysctl.obj (.text:SysCtlPWMClockSet)
                  00002d18    00000014                   : systick.obj (.text:SysTickEnable)
                  00002d2c    00000014                   : uart.obj (.text:UARTEnable)
                  00002d40    00000014     rtsv7M4_T_le_v4SPD16_eabi.lib : strlen.c.obj (.text:strlen)
                  00002d54    00000012     driverlib.lib : gpio.obj (.text:GPIOPinTypePWM)
                  00002d66    00000012                   : gpio.obj (.text:GPIOPinTypeUART)
                  00002d78    00000012                   : pwm.obj (.text:PWMGenPeriodGet)
                  00002d8a    00000012                   : pwm.obj (.text:PWMOutputState)
                  00002d9c    00000010                   : fpu.obj (.text:FPUEnable)
                  00002dac    00000010                   : interrupt.obj (.text:IntMasterEnable)
                  00002dbc    00000010                   : pwm.obj (.text:PWMGenPeriodSet)
                  00002dcc    0000000e                   : uart.obj (.text:UARTCharPutNonBlocking)
                  00002dda    0000000e     rtsv7M4_T_le_v4SPD16_eabi.lib : copy_decompress_none.c.obj (.text:decompress:none:__TI_decompress_none)
                  00002de8    0000000c     driverlib.lib : cpu.obj (.text:CPUcpsie)
                  00002df4    0000000c                   : gpio.obj (.text:GPIOIntEnable)
                  00002e00    0000000c                   : pwm.obj (.text:PWMGenEnable)
                  00002e0c    0000000c     tm4c123gh6pm_startup_ccs.obj (.text)
                  00002e18    00000008     rtsv7M4_T_le_v4SPD16_eabi.lib : errno.c.obj (.text:__aeabi_errno_addr)
                  00002e20    00000006     driverlib.lib : gpio.obj (.text:GPIOPinWrite)
                  00002e26    00000006                   : sysctl.obj (.text:SysCtlDelay)
                  00002e2c    00000004     rtsv7M4_T_le_v4SPD16_eabi.lib : pre_init.c.obj (.text:_system_pre_init)
                  00002e30    00000004                                   : exit.c.obj (.text:abort:abort)

.const     0    00002e38    00000338     
                  00002e38    000000d8     driverlib.lib : gpio.obj (.const:g_ppui32GPIOIntMapSnowflake)
                  00002f10    000000c0                   : gpio.obj (.const:g_ppui32GPIOIntMapBlizzard)
                  00002fd0    00000090                   : gpio.obj (.const:g_pui32GPIOBaseAddrs)
                  00003060    00000070                   : interrupt.obj (.const)
                  000030d0    0000006c                   : sysctl.obj (.const:g_pui32Xtals)
                  0000313c    00000004     --HOLE-- [fill = 0]
                  00003140    00000030     rtsv7M4_T_le_v4SPD16_eabi.lib : e_pow.c.obj (.const:$O1$$)

.cinit     0    00003170    00000030     
                  00003170    0000000c     (__TI_handler_table)
                  0000317c    00000004     --HOLE-- [fill = 0]
                  00003180    00000008     (.cinit..vtable.load) [load image, compression = zero_init]
                  00003188    00000007     (.cinit..data.load) [load image, compression = lzss]
                  0000318f    00000001     --HOLE-- [fill = 0]
                  00003190    00000010     (__TI_cinit_table)

.init_array 
*          0    00000000    00000000     UNINITIALIZED

.vtable    0    20000000    0000026c     UNINITIALIZED
                  20000000    0000026c     driverlib.lib : interrupt.obj (.vtable)

.data      0    2000026c    00000004     UNINITIALIZED
                  2000026c    00000004     rtsv7M4_T_le_v4SPD16_eabi.lib : errno.c.obj (.data)

.stack     0    20000270    00000200     UNINITIALIZED
                  20000270    00000004     rtsv7M4_T_le_v4SPD16_eabi.lib : boot_cortex_m.c.obj (.stack)
                  20000274    000001fc     --HOLE--

__llvm_prf_cnts 
*          0    20000000    00000000     UNINITIALIZED

MODULE SUMMARY

       Module                         code    ro data   rw data
       ------                         ----    -------   -------
    .\
       main.obj                       992     0         0      
       tm4c123gh6pm_startup_ccs.obj   12      620       0      
    +--+------------------------------+-------+---------+---------+
       Total:                         1004    620       0      
                                                               
    .\peripheral\
       lcd.obj                        1370    0         0      
       keypad.obj                     1352    0         0      
       my_pwm.obj                     332     0         0      
       on_board_led.obj               208     0         0      
       usart.obj                      128     0         0      
    +--+------------------------------+-------+---------+---------+
       Total:                         3390    0         0      
                                                               
    C:/ti/tivaware_c_series_2_1_4_178/driverlib/ccs/Debug/driverlib.lib
       gpio.obj                       590     552       0      
       interrupt.obj                  172     112       620    
       sysctl.obj                     594     108       0      
       uart.obj                       136     0         0      
       pwm.obj                        128     0         0      
       systick.obj                    20      0         0      
       fpu.obj                        16      0         0      
       cpu.obj                        12      0         0      
    +--+------------------------------+-------+---------+---------+
       Total:                         1668    772       620    
                                                               
    C:\ti\ccs1011\ccs\tools\compiler\ti-cgt-arm_20.2.1.LTS\lib\rtsv7M4_T_le_v4SPD16_eabi.lib
       e_pow.c.obj                    2496    48        0      
       fd_add_t2.asm.obj              438     0         0      
       e_sqrt.c.obj                   344     0         0      
       fd_div_t2.asm.obj              310     0         0      
       s_scalbn.c.obj                 272     0         0      
       fd_cmp_t2.asm.obj              268     0         0      
       fd_mul_t2.asm.obj              252     0         0      
       memcpy_t2.asm.obj              156     0         0      
       copy_decompress_lzss.c.obj     104     0         0      
       fd_toi_t2.asm.obj              72      0         0      
       autoinit.c.obj                 68      0         0      
       fd_tou_t2.asm.obj              68      0         0      
       fs_tod_t2.asm.obj              56      0         0      
       boot_cortex_m.c.obj            52      0         0      
       i_tofd_t2.asm.obj              46      0         0      
       u_tofd_t2.asm.obj              32      0         0      
       copy_zero_init.c.obj           28      0         0      
       s_copysign.c.obj               26      0         0      
       strlen.c.obj                   20      0         0      
       copy_decompress_none.c.obj     14      0         0      
       errno.c.obj                    8       0         4      
       exit.c.obj                     4       0         0      
       pre_init.c.obj                 4       0         0      
    +--+------------------------------+-------+---------+---------+
       Total:                         5138    48        4      
                                                               
       Stack:                         0       0         512    
       Linker Generated:              0       43        0      
    +--+------------------------------+-------+---------+---------+
       Grand Total:                   11200   1483      1136   


LINKER GENERATED COPY TABLES

__TI_cinit_table @ 00003190 records: 2, size/record: 8, table size: 16
	.vtable: load addr=00003180, load size=00000008 bytes, run addr=20000000, run size=0000026c bytes, compression=zero_init
	.data: load addr=00003188, load size=00000007 bytes, run addr=2000026c, run size=00000004 bytes, compression=lzss


LINKER GENERATED HANDLER TABLE

__TI_handler_table @ 00003170 records: 3, size/record: 4, table size: 12
	index: 0, handler: __TI_zero_init
	index: 1, handler: __TI_decompress_lzss
	index: 2, handler: __TI_decompress_none


GLOBAL SYMBOLS: SORTED ALPHABETICALLY BY Name 

address   name                          
-------   ----                          
00001189  ButtonEInit                   
00002e31  C$$EXIT                       
00002de9  CPUcpsie                      
00002d9d  FPUEnable                     
00002bf3  GPIODirModeSet                
00002df5  GPIOIntEnable                 
00002cd5  GPIOIntRegister               
00002043  GPIOPadConfigSet              
0000294d  GPIOPinConfigure              
00002ced  GPIOPinTypeGPIOOutput         
00002d55  GPIOPinTypePWM                
00002d67  GPIOPinTypeUART               
00002e21  GPIOPinWrite                  
0000287d  IntEnable                     
00002dad  IntMasterEnable               
00002b29  IntRegister                   
00000f5f  LCD_Clear                     
00000d2d  LCD_Command                   
00000ee5  LCD_Cursor                    
00000f29  LCD_Cursor_uint32             
000010a1  LCD_Print                     
00000f7d  LCD_PrintJustify              
00001105  LCD_PrintLn                   
0000114b  LCD_PrintLnCount              
00000dcf  LCD_Show                      
00000e5f  LCD_Show_uint32               
00000c2d  LCD_init                      
00002585  On_Board_LEDInit              
000025f7  On_Board_LEDWrite             
000012e5  PE_Int                        
00002c1d  PWMGenConfigure               
00002e01  PWMGenEnable                  
00002d79  PWMGenPeriodGet               
00002dbd  PWMGenPeriodSet               
00001dc1  PWMInit                       
00002d8b  PWMOutputState                
00002c81  PWMPulseWidthSet              
00002e0d  ResetISR                      
00001e33  SetDuty                       
00002175  SysCtlClockGet                
00002491  SysCtlClockSet                
00002e27  SysCtlDelay                   
00002d05  SysCtlPWMClockSet             
00002b5d  SysCtlPeripheralEnable        
00002d19  SysTickEnable                 
00001a81  SysTick_Wait                  
00002dcd  UARTCharPutNonBlocking        
000029dd  UARTConfigSetExpClk           
00002c41  UARTDisable                   
00002d2d  UARTEnable                    
00002825  USARTInit                     
000027fd  USARTSend                     
20000470  __STACK_END                   
00000200  __STACK_SIZE                  
20000470  __STACK_TOP                   
00003190  __TI_CINIT_Base               
000031a0  __TI_CINIT_Limit              
00003170  __TI_Handler_Table_Base       
0000317c  __TI_Handler_Table_Limit      
00002a69  __TI_auto_init_nobinit_nopinit
000028e5  __TI_decompress_lzss          
00002ddb  __TI_decompress_none          
ffffffff  __TI_pprof_out_hndl           
ffffffff  __TI_prof_data_size           
ffffffff  __TI_prof_data_start          
00000000  __TI_static_base__            
00002c9f  __TI_zero_init_nomemset       
000026f1  __aeabi_cdcmpeq               
000026f1  __aeabi_cdcmple               
00002777  __aeabi_cdrcmple              
00002995  __aeabi_d2iz                  
00002aad  __aeabi_d2uiz                 
00001abb  __aeabi_dadd                  
00001f0d  __aeabi_ddiv                  
00002395  __aeabi_dmul                  
00001ab1  __aeabi_dsub                  
00002e19  __aeabi_errno_addr            
00002af1  __aeabi_f2d                   
00002bc5  __aeabi_i2d                   
00002655  __aeabi_memcpy                
00002655  __aeabi_memcpy4               
00002655  __aeabi_memcpy8               
00002c61  __aeabi_ui2d                  
ffffffff  __binit__                     
ffffffff  __c_args__                    
UNDEFED   __mpu_init                    
20000270  __stack                       
20000000  __start___llvm_prf_cnts       
20000000  __stop___llvm_prf_cnts        
00002b91  _c_int00_noargs               
UNDEFED   _system_post_cinit            
00002e2d  _system_pre_init              
00002e31  abort                         
ffffffff  binit                         
00002cbb  copysign                      
00002cbb  copysignl                     
2000026c  errno                         
20000000  g_pfnRAMVectors               
00000000  g_pfnVectors                  
00002285  ldexp                         
00002285  ldexpl                        
000016d1  main                          
00002655  memcpy                        
0000026d  pow                           
0000026d  powl                          
00002285  scalbn                        
00002285  scalbnl                       
00001c69  sqrt                          
00001c69  sqrtl                         
00002d41  strlen                        


GLOBAL SYMBOLS: SORTED BY Symbol Address 

address   name                          
-------   ----                          
00000000  __TI_static_base__            
00000000  g_pfnVectors                  
00000200  __STACK_SIZE                  
0000026d  pow                           
0000026d  powl                          
00000c2d  LCD_init                      
00000d2d  LCD_Command                   
00000dcf  LCD_Show                      
00000e5f  LCD_Show_uint32               
00000ee5  LCD_Cursor                    
00000f29  LCD_Cursor_uint32             
00000f5f  LCD_Clear                     
00000f7d  LCD_PrintJustify              
000010a1  LCD_Print                     
00001105  LCD_PrintLn                   
0000114b  LCD_PrintLnCount              
00001189  ButtonEInit                   
000012e5  PE_Int                        
000016d1  main                          
00001a81  SysTick_Wait                  
00001ab1  __aeabi_dsub                  
00001abb  __aeabi_dadd                  
00001c69  sqrt                          
00001c69  sqrtl                         
00001dc1  PWMInit                       
00001e33  SetDuty                       
00001f0d  __aeabi_ddiv                  
00002043  GPIOPadConfigSet              
00002175  SysCtlClockGet                
00002285  ldexp                         
00002285  ldexpl                        
00002285  scalbn                        
00002285  scalbnl                       
00002395  __aeabi_dmul                  
00002491  SysCtlClockSet                
00002585  On_Board_LEDInit              
000025f7  On_Board_LEDWrite             
00002655  __aeabi_memcpy                
00002655  __aeabi_memcpy4               
00002655  __aeabi_memcpy8               
00002655  memcpy                        
000026f1  __aeabi_cdcmpeq               
000026f1  __aeabi_cdcmple               
00002777  __aeabi_cdrcmple              
000027fd  USARTSend                     
00002825  USARTInit                     
0000287d  IntEnable                     
000028e5  __TI_decompress_lzss          
0000294d  GPIOPinConfigure              
00002995  __aeabi_d2iz                  
000029dd  UARTConfigSetExpClk           
00002a69  __TI_auto_init_nobinit_nopinit
00002aad  __aeabi_d2uiz                 
00002af1  __aeabi_f2d                   
00002b29  IntRegister                   
00002b5d  SysCtlPeripheralEnable        
00002b91  _c_int00_noargs               
00002bc5  __aeabi_i2d                   
00002bf3  GPIODirModeSet                
00002c1d  PWMGenConfigure               
00002c41  UARTDisable                   
00002c61  __aeabi_ui2d                  
00002c81  PWMPulseWidthSet              
00002c9f  __TI_zero_init_nomemset       
00002cbb  copysign                      
00002cbb  copysignl                     
00002cd5  GPIOIntRegister               
00002ced  GPIOPinTypeGPIOOutput         
00002d05  SysCtlPWMClockSet             
00002d19  SysTickEnable                 
00002d2d  UARTEnable                    
00002d41  strlen                        
00002d55  GPIOPinTypePWM                
00002d67  GPIOPinTypeUART               
00002d79  PWMGenPeriodGet               
00002d8b  PWMOutputState                
00002d9d  FPUEnable                     
00002dad  IntMasterEnable               
00002dbd  PWMGenPeriodSet               
00002dcd  UARTCharPutNonBlocking        
00002ddb  __TI_decompress_none          
00002de9  CPUcpsie                      
00002df5  GPIOIntEnable                 
00002e01  PWMGenEnable                  
00002e0d  ResetISR                      
00002e19  __aeabi_errno_addr            
00002e21  GPIOPinWrite                  
00002e27  SysCtlDelay                   
00002e2d  _system_pre_init              
00002e31  C$$EXIT                       
00002e31  abort                         
00003170  __TI_Handler_Table_Base       
0000317c  __TI_Handler_Table_Limit      
00003190  __TI_CINIT_Base               
000031a0  __TI_CINIT_Limit              
20000000  __start___llvm_prf_cnts       
20000000  __stop___llvm_prf_cnts        
20000000  g_pfnRAMVectors               
2000026c  errno                         
20000270  __stack                       
20000470  __STACK_END                   
20000470  __STACK_TOP                   
ffffffff  __TI_pprof_out_hndl           
ffffffff  __TI_prof_data_size           
ffffffff  __TI_prof_data_start          
ffffffff  __binit__                     
ffffffff  __c_args__                    
ffffffff  binit                         
UNDEFED   __mpu_init                    
UNDEFED   _system_post_cinit            

[110 symbols]
